<html>
<body>
<pre>
<h1>µVision Build Log</h1>
<h2>Tool Versions:</h2>
IDE-Version: ¦ÌVision V5.37.0.0
Copyright (C) 2022 ARM Ltd and ARM Germany GmbH. All rights reserved.
License Information: The Word, Scareye, LIC=14HV2-9J65R-BSPYX-HDF6Z-NW0ZQ-8Z208
 
Tool Versions:
Toolchain:       MDK-ARM Plus  Version: 5.37.0.0
Toolchain Path:  D:\IDE\Keil_v5\ARM\ARMCC\Bin
C Compiler:      Armcc.exe V5.06 update 7 (build 960)
Assembler:       Armasm.exe V5.06 update 7 (build 960)
Linker/Locator:  ArmLink.exe V5.06 update 7 (build 960)
Library Manager: ArmAr.exe V5.06 update 7 (build 960)
Hex Converter:   FromElf.exe V5.06 update 7 (build 960)
CPU DLL:         SARMCM3.DLL V5.37.0.0
Dialog DLL:      DCM.DLL V1.17.5.0
Target DLL:      STLink\ST-LINKIII-KEIL_SWO.dll V3.0.9.0
Dialog DLL:      TCM.DLL V1.56.1.0
 
<h2>Project:</h2>
E:\STM32Cube\ProjectWeather\ESP8266\USER\USART.uvprojx
Project File Date:  05/14/2024

<h2>Output:</h2>
*** Using Compiler 'V5.06 update 7 (build 960)', folder: 'D:\IDE\Keil_v5\ARM\ARMCC\Bin'
Build target 'USART'
compiling main.c...
..\HARDWARE\LCD\lcd.h(22): warning:  #47-D: incompatible redefinition of macro "OLED_SCLK_Clr"  (declared at line 38 of "..\HARDWARE\OLED\oled.h")
  #define OLED_SCLK_Clr() GPIO_ResetBits(GPIOA, GPIO_Pin_5) // CLK
..\HARDWARE\LCD\lcd.h(23): warning:  #47-D: incompatible redefinition of macro "OLED_SCLK_Set"  (declared at line 39 of "..\HARDWARE\OLED\oled.h")
  #define OLED_SCLK_Set() GPIO_SetBits(GPIOA, GPIO_Pin_5)
..\HARDWARE\LCD\lcd.h(25): warning:  #47-D: incompatible redefinition of macro "OLED_SDIN_Clr"  (declared at line 41 of "..\HARDWARE\OLED\oled.h")
  #define OLED_SDIN_Clr() GPIO_ResetBits(GPIOA, GPIO_Pin_7) // DIN
..\HARDWARE\LCD\lcd.h(26): warning:  #47-D: incompatible redefinition of macro "OLED_SDIN_Set"  (declared at line 42 of "..\HARDWARE\OLED\oled.h")
  #define OLED_SDIN_Set() GPIO_SetBits(GPIOA, GPIO_Pin_7)
..\HARDWARE\LCD\lcd.h(28): warning:  #47-D: incompatible redefinition of macro "OLED_RST_Clr"  (declared at line 44 of "..\HARDWARE\OLED\oled.h")
  #define OLED_RST_Clr() GPIO_ResetBits(GPIOB, GPIO_Pin_0) // RES
..\HARDWARE\LCD\lcd.h(29): warning:  #47-D: incompatible redefinition of macro "OLED_RST_Set"  (declared at line 45 of "..\HARDWARE\OLED\oled.h")
  #define OLED_RST_Set() GPIO_SetBits(GPIOB, GPIO_Pin_0)
main.c: 6 warnings, 0 errors
linking...
Program Size: Code=28680 RO-data=6812 RW-data=3324 ZI-data=14796  
FromELF: creating hex file...
"..\OBJ\USART.axf" - 0 Error(s), 6 Warning(s).

<h2>Software Packages used:</h2>

Package Vendor: Keil
                http://www.keil.com/pack/Keil.STM32F1xx_DFP.2.4.0.pack
                Keil.STM32F1xx_DFP.2.4.0
                STMicroelectronics STM32F1 Series Device Support, Drivers and Examples

<h2>Collection of Component include folders:</h2>
  E:/Keil_v5_Packs/Keil/STM32F1xx_DFP/2.4.0/Device/Include

<h2>Collection of Component Files used:</h2>
Build Time Elapsed:  00:00:01
</pre>
</body>
</html>
